============================= test session starts ==============================
platform darwin -- Python 3.14.2, pytest-9.0.3, pluggy-1.6.0 -- /Users/davis/Documents/GitHub/Mframapa-AI/venv/bin/python
cachedir: .pytest_cache
rootdir: /Users/davis/Documents/GitHub/Mframapa-AI
plugins: mock-3.15.1, anyio-4.13.0
collecting ... collected 1 item

backend/tests/test_api.py::test_predict_returns_uncertainty FAILED       [100%]

=================================== FAILURES ===================================
_______________________ test_predict_returns_uncertainty _______________________

client = <starlette.testclient.TestClient object at 0x109006510>

    def test_predict_returns_uncertainty(client):
        mock_pipeline = MagicMock()
        mock_pipeline.get_features.return_value = {
            "pm25_surface": 40.0,
            "temperature_2m": 30.0,
            "relative_humidity": 70.0,
            "u_component_of_wind_10m": 1.0,
            "v_component_of_wind_10m": 0.5,
            "no2_tropospheric_column": 1e-5,
            "aerosol_optical_depth": 0.3,
            "pm10_surface": 50.0,
            "population_density": 1200.0,
            "elevation": 100.0,
        }
    
        app.dependency_overrides[get_feature_pipeline] = lambda: mock_pipeline
        try:
            r = client.get(
                "/api/v1/predict",
                params={"lat": 5.6, "lon": -0.19, "name": "Accra", "day": "2024-06-01"},
            )
            assert r.status_code == 200, r.text
            data = r.json()
>           assert data["pm25"] == 40.0
E           assert 25.0 == 40.0

backend/tests/test_api.py:59: AssertionError
------------------------------ Captured log call -------------------------------
WARNING  backend.data_sources.era5:era5.py:55 ERA5: could not initialise CDS client — Missing/incomplete configuration file: /Users/davis/.cdsapirc
WARNING  backend.data_sources.orchestrator:orchestrator.py:155 DataOrchestrator: OpenMeteo failed for (5.6000, -0.1900, 2024-06-01) — signal only works in main thread of the main interpreter
WARNING  backend.data_sources.orchestrator:orchestrator.py:155 DataOrchestrator: NDVI-Composite failed for (5.6000, -0.1900, 2024-06-01) — signal only works in main thread of the main interpreter
WARNING  backend.data_sources.orchestrator:orchestrator.py:155 DataOrchestrator: VIIRS-NightLights failed for (5.6000, -0.1900, 2024-06-01) — signal only works in main thread of the main interpreter
WARNING  backend.data_sources.orchestrator:orchestrator.py:155 DataOrchestrator: OSM-Roads failed for (5.6000, -0.1900, 2024-06-01) — signal only works in main thread of the main interpreter
WARNING  backend.data_sources.orchestrator:orchestrator.py:155 DataOrchestrator: OpenAQ failed for (5.6000, -0.1900, 2024-06-01) — signal only works in main thread of the main interpreter
WARNING  backend.data_sources.orchestrator:orchestrator.py:178 DataOrchestrator: could not resolve 16 feature(s): ['pblh', 'temperature_2m', 'relative_humidity', 'u_component_of_wind_10m', 'v_component_of_wind_10m', 'no2_tropospheric_column', 'so2_total_column', 'co_total_column', 'aerosol_optical_depth', 'pm10_surface', 'pm25_surface', 'ndvi', 'night_lights', 'road_density', 'openaq_pm25', 'openaq_pm10']
WARNING  backend.pipeline.feature_pipeline:feature_pipeline.py:65 FeaturePipeline: WorldPop failed — signal only works in main thread of the main interpreter
WARNING  backend.pipeline.feature_pipeline:feature_pipeline.py:86 FeaturePipeline: 8 required feature(s) are None: ['u_component_of_wind_10m', 'population_density', 'pblh', 'no2_tropospheric_column', 'temperature_2m', 'v_component_of_wind_10m', 'relative_humidity', 'aerosol_optical_depth']
WARNING  backend.api.v1.router:router.py:104 pm25_surface missing for (5.6,-0.19); using fallback
=============================== warnings summary ===============================
venv/lib/python3.14/site-packages/fastapi/routing.py:233: 12 warnings
  /Users/davis/Documents/GitHub/Mframapa-AI/venv/lib/python3.14/site-packages/fastapi/routing.py:233: DeprecationWarning: 'asyncio.iscoroutinefunction' is deprecated and slated for removal in Python 3.16; use inspect.iscoroutinefunction() instead
    is_coroutine = asyncio.iscoroutinefunction(dependant.call)

venv/lib/python3.14/site-packages/starlette/_utils.py:40: 16 warnings
backend/tests/test_api.py: 2 warnings
  /Users/davis/Documents/GitHub/Mframapa-AI/venv/lib/python3.14/site-packages/starlette/_utils.py:40: DeprecationWarning: 'asyncio.iscoroutinefunction' is deprecated and slated for removal in Python 3.16; use inspect.iscoroutinefunction() instead
    return asyncio.iscoroutinefunction(obj) or (callable(obj) and asyncio.iscoroutinefunction(obj.__call__))

-- Docs: https://docs.pytest.org/en/stable/how-to/capture-warnings.html
=========================== short test summary info ============================
FAILED backend/tests/test_api.py::test_predict_returns_uncertainty - assert 2...
======================== 1 failed, 30 warnings in 1.25s ========================
